// Jest Snapshot v1, https://goo.gl/fbAQLP

exports[`Pruebas en <Search/> Debe mostrar correctamente 1`] = `
<div>
  <h1>
    Search
  </h1>
  <br />
  <div
    class="row"
  >
    <div
      class="col-5"
    >
      <h3>
        Searching
      </h3>
      <hr />
      <form
        aria-label="form"
      >
        <input
          autocomplete="off"
          class="form-control"
          name="searchText"
          placeholder="Search a Hero"
          type="text"
          value=""
        />
        <button
          class="btn btn-outline-primary mt-3"
        >
          Search Heroe
        </button>
      </form>
    </div>
    <div
      class="col-7"
    >
      <h3>
        Result
      </h3>
      <hr />
      <div
        aria-label="alert-danger"
        class="alert alert-primary"
      >
        <p>
          Searh a Hereo
        </p>
      </div>
      <div
        aria-label="alert-primary"
        class="alert alert-danger"
        style="display: none;"
      >
        <b>
          No results found 
        </b>
      </div>
    </div>
  </div>
</div>
`;
